2026-10-05 17:38:00 [main] INFO  org.springframework.boot.test.context.SpringBootTestContextBootstrapper - Neither @ContextConfiguration nor @ContextHierarchy found for test class [com.hypergryph.arknights.ArknightsApplicationTests], using SpringBootContextLoader
2026-10-05 17:38:00 [main] INFO  org.springframework.test.context.support.AbstractContextLoader - Could not detect default resource locations for test class [com.hypergryph.arknights.ArknightsApplicationTests]: no resource found for suffixes {-context.xml, Context.groovy}.
2026-10-05 17:38:00 [main] INFO  org.springframework.test.context.support.AnnotationConfigContextLoaderUtils - Could not detect default configuration classes for test class [com.hypergryph.arknights.ArknightsApplicationTests]: ArknightsApplicationTests does not declare any static, non-private, non-final, nested classes annotated with @Configuration.
2026-10-05 17:38:00 [main] INFO  org.springframework.boot.test.context.SpringBootTestContextBootstrapper - Found @SpringBootConfiguration com.hypergryph.arknights.ArknightsApplication for test class com.hypergryph.arknights.ArknightsApplicationTests
2026-10-05 17:38:00 [main] INFO  org.springframework.boot.test.context.SpringBootTestContextBootstrapper - Loaded default TestExecutionListener class names from location [META-INF/spring.factories]: [org.springframework.boot.test.mock.mockito.MockitoTestExecutionListener, org.springframework.boot.test.mock.mockito.ResetMocksTestExecutionListener, org.springframework.boot.test.autoconfigure.restdocs.RestDocsTestExecutionListener, org.springframework.boot.test.autoconfigure.web.client.MockRestServiceServerResetTestExecutionListener, org.springframework.boot.test.autoconfigure.web.servlet.MockMvcPrintOnlyOnFailureTestExecutionListener, org.springframework.boot.test.autoconfigure.web.servlet.WebDriverTestExecutionListener, org.springframework.boot.test.autoconfigure.webservices.client.MockWebServiceServerTestExecutionListener, org.springframework.test.context.web.ServletTestExecutionListener, org.springframework.test.context.support.DirtiesContextBeforeModesTestExecutionListener, org.springframework.test.context.event.ApplicationEventsTestExecutionListener, org.springframework.test.context.support.DependencyInjectionTestExecutionListener, org.springframework.test.context.support.DirtiesContextTestExecutionListener, org.springframework.test.context.transaction.TransactionalTestExecutionListener, org.springframework.test.context.jdbc.SqlScriptsTestExecutionListener, org.springframework.test.context.event.EventPublishingTestExecutionListener]
2026-10-05 17:38:00 [main] INFO  org.springframework.boot.test.context.SpringBootTestContextBootstrapper - Using TestExecutionListeners: [org.springframework.test.context.web.ServletTestExecutionListener@1af05b03, org.springframework.test.context.support.DirtiesContextBeforeModesTestExecutionListener@5987e932, org.springframework.test.context.event.ApplicationEventsTestExecutionListener@1ad777f, org.springframework.boot.test.mock.mockito.MockitoTestExecutionListener@5bbbdd4b, org.springframework.boot.test.autoconfigure.SpringBootDependencyInjectionTestExecutionListener@438bad7c, org.springframework.test.context.support.DirtiesContextTestExecutionListener@25230246, org.springframework.test.context.transaction.TransactionalTestExecutionListener@4fdf8f12, org.springframework.test.context.jdbc.SqlScriptsTestExecutionListener@4a8b5227, org.springframework.test.context.event.EventPublishingTestExecutionListener@54f5f647, org.springframework.boot.test.mock.mockito.ResetMocksTestExecutionListener@6979efad, org.springframework.boot.test.autoconfigure.restdocs.RestDocsTestExecutionListener@5a6d5a8f, org.springframework.boot.test.autoconfigure.web.client.MockRestServiceServerResetTestExecutionListener@4a67318f, org.springframework.boot.test.autoconfigure.web.servlet.MockMvcPrintOnlyOnFailureTestExecutionListener@315ba14a, org.springframework.boot.test.autoconfigure.web.servlet.WebDriverTestExecutionListener@17f9344b, org.springframework.boot.test.autoconfigure.webservices.client.MockWebServiceServerTestExecutionListener@27f0ad19]
2026-10-05 17:38:00 [main] INFO  com.hypergryph.arknights.ArknightsApplicationTests - Starting ArknightsApplicationTests using Java 17.0.14 on LoongLing with PID 34404 (started by lingj in C:\javacode\LocalArknights)
2026-10-05 17:38:00 [main] INFO  com.hypergryph.arknights.ArknightsApplicationTests - No active profile set, falling back to 1 default profile: "default"
2026-10-05 17:38:01 [main] WARN  org.springframework.web.context.support.GenericWebApplicationContext - Exception encountered during context initialization - cancelling refresh attempt: org.springframework.beans.factory.UnsatisfiedDependencyException: Error creating bean with name 'com.hypergryph.arknights.ArknightsApplication$WebConfig': Unsatisfied dependency expressed through field 'requestLoggerInterceptor'; nested exception is org.springframework.beans.factory.NoSuchBeanDefinitionException: No qualifying bean of type 'com.hypergryph.arknights.HttpRequestLoggerInterceptor' available: expected at least 1 bean which qualifies as autowire candidate. Dependency annotations: {@org.springframework.beans.factory.annotation.Autowired(required=true)}
2026-10-05 17:38:01 [main] INFO  org.springframework.boot.autoconfigure.logging.ConditionEvaluationReportLoggingListener - 

Error starting ApplicationContext. To display the conditions report re-run your application with 'debug' enabled.
2026-10-05 17:38:01 [main] ERROR org.springframework.boot.diagnostics.LoggingFailureAnalysisReporter - 

***************************
APPLICATION FAILED TO START
***************************

Description:

Field requestLoggerInterceptor in com.hypergryph.arknights.ArknightsApplication$WebConfig required a bean of type 'com.hypergryph.arknights.HttpRequestLoggerInterceptor' that could not be found.

The injection point has the following annotations:
	- @org.springframework.beans.factory.annotation.Autowired(required=true)


Action:

Consider defining a bean of type 'com.hypergryph.arknights.HttpRequestLoggerInterceptor' in your configuration.

2026-10-05 17:38:01 [main] ERROR org.springframework.test.context.TestContextManager - Caught exception while allowing TestExecutionListener [org.springframework.test.context.web.ServletTestExecutionListener@1af05b03] to prepare test instance [com.hypergryph.arknights.ArknightsApplicationTests@14c141c0]
java.lang.IllegalStateException: Failed to load ApplicationContext
	at org.springframework.test.context.cache.DefaultCacheAwareContextLoaderDelegate.loadContext(DefaultCacheAwareContextLoaderDelegate.java:98) ~[spring-test-5.3.31.jar:5.3.31]
	at org.springframework.test.context.support.DefaultTestContext.getApplicationContext(DefaultTestContext.java:124) ~[spring-test-5.3.31.jar:5.3.31]
	at org.springframework.test.context.web.ServletTestExecutionListener.setUpRequestContextIfNecessary(ServletTestExecutionListener.java:190) ~[spring-test-5.3.31.jar:5.3.31]
	at org.springframework.test.context.web.ServletTestExecutionListener.prepareTestInstance(ServletTestExecutionListener.java:132) ~[spring-test-5.3.31.jar:5.3.31]
	at org.springframework.test.context.TestContextManager.prepareTestInstance(TestContextManager.java:248) ~[spring-test-5.3.31.jar:5.3.31]
	at org.springframework.test.context.junit.jupiter.SpringExtension.postProcessTestInstance(SpringExtension.java:138) ~[spring-test-5.3.31.jar:5.3.31]
	at org.junit.jupiter.engine.descriptor.ClassBasedTestDescriptor.lambda$invokeTestInstancePostProcessors$8(ClassBasedTestDescriptor.java:363) ~[junit-jupiter-engine-5.8.2.jar:5.8.2]
	at org.junit.jupiter.engine.descriptor.ClassBasedTestDescriptor.executeAndMaskThrowable(ClassBasedTestDescriptor.java:368) ~[junit-jupiter-engine-5.8.2.jar:5.8.2]
	at org.junit.jupiter.engine.descriptor.ClassBasedTestDescriptor.lambda$invokeTestInstancePostProcessors$9(ClassBasedTestDescriptor.java:363) ~[junit-jupiter-engine-5.8.2.jar:5.8.2]
	at java.util.stream.ReferencePipeline$3$1.accept(ReferencePipeline.java:197) ~[?:?]
	at java.util.stream.ReferencePipeline$2$1.accept(ReferencePipeline.java:179) ~[?:?]
	at java.util.ArrayList$ArrayListSpliterator.forEachRemaining(ArrayList.java:1625) ~[?:?]
	at java.util.stream.AbstractPipeline.copyInto(AbstractPipeline.java:509) ~[?:?]
	at java.util.stream.AbstractPipeline.wrapAndCopyInto(AbstractPipeline.java:499) ~[?:?]
	at java.util.stream.StreamSpliterators$WrappingSpliterator.forEachRemaining(StreamSpliterators.java:310) ~[?:?]
	at java.util.stream.Streams$ConcatSpliterator.forEachRemaining(Streams.java:735) ~[?:?]
	at java.util.stream.Streams$ConcatSpliterator.forEachRemaining(Streams.java:734) ~[?:?]
	at java.util.stream.ReferencePipeline$Head.forEach(ReferencePipeline.java:762) ~[?:?]
	at org.junit.jupiter.engine.descriptor.ClassBasedTestDescriptor.invokeTestInstancePostProcessors(ClassBasedTestDescriptor.java:362) ~[junit-jupiter-engine-5.8.2.jar:5.8.2]
	at org.junit.jupiter.engine.descriptor.ClassBasedTestDescriptor.lambda$instantiateAndPostProcessTestInstance$6(ClassBasedTestDescriptor.java:283) ~[junit-jupiter-engine-5.8.2.jar:5.8.2]
	at org.junit.platform.engine.support.hierarchical.ThrowableCollector.execute(ThrowableCollector.java:73) ~[junit-platform-engine-1.8.2.jar:1.8.2]
	at org.junit.jupiter.engine.descriptor.ClassBasedTestDescriptor.instantiateAndPostProcessTestInstance(ClassBasedTestDescriptor.java:282) ~[junit-jupiter-engine-5.8.2.jar:5.8.2]
	at org.junit.jupiter.engine.descriptor.ClassBasedTestDescriptor.lambda$testInstancesProvider$4(ClassBasedTestDescriptor.java:272) ~[junit-jupiter-engine-5.8.2.jar:5.8.2]
	at java.util.Optional.orElseGet(Optional.java:364) ~[?:?]
	at org.junit.jupiter.engine.descriptor.ClassBasedTestDescriptor.lambda$testInstancesProvider$5(ClassBasedTestDescriptor.java:271) ~[junit-jupiter-engine-5.8.2.jar:5.8.2]
	at org.junit.jupiter.engine.execution.TestInstancesProvider.getTestInstances(TestInstancesProvider.java:31) ~[junit-jupiter-engine-5.8.2.jar:5.8.2]
	at org.junit.jupiter.engine.descriptor.TestMethodTestDescriptor.lambda$prepare$0(TestMethodTestDescriptor.java:102) ~[junit-jupiter-engine-5.8.2.jar:5.8.2]
	at org.junit.platform.engine.support.hierarchical.ThrowableCollector.execute(ThrowableCollector.java:73) ~[junit-platform-engine-1.8.2.jar:1.8.2]
	at org.junit.jupiter.engine.descriptor.TestMethodTestDescriptor.prepare(TestMethodTestDescriptor.java:101) ~[junit-jupiter-engine-5.8.2.jar:5.8.2]
	at org.junit.jupiter.engine.descriptor.TestMethodTestDescriptor.prepare(TestMethodTestDescriptor.java:66) ~[junit-jupiter-engine-5.8.2.jar:5.8.2]
	at org.junit.platform.engine.support.hierarchical.NodeTestTask.lambda$prepare$2(NodeTestTask.java:123) ~[junit-platform-engine-1.8.2.jar:1.8.2]
	at org.junit.platform.engine.support.hierarchical.ThrowableCollector.execute(ThrowableCollector.java:73) ~[junit-platform-engine-1.8.2.jar:1.8.2]
	at org.junit.platform.engine.support.hierarchical.NodeTestTask.prepare(NodeTestTask.java:123) ~[junit-platform-engine-1.8.2.jar:1.8.2]
	at org.junit.platform.engine.support.hierarchical.NodeTestTask.execute(NodeTestTask.java:90) ~[junit-platform-engine-1.8.2.jar:1.8.2]
	at java.util.ArrayList.forEach(ArrayList.java:1511) ~[?:?]
	at org.junit.platform.engine.support.hierarchical.SameThreadHierarchicalTestExecutorService.invokeAll(SameThreadHierarchicalTestExecutorService.java:41) ~[junit-platform-engine-1.8.2.jar:1.8.2]
	at org.junit.platform.engine.support.hierarchical.NodeTestTask.lambda$executeRecursively$6(NodeTestTask.java:155) ~[junit-platform-engine-1.8.2.jar:1.8.2]
	at org.junit.platform.engine.support.hierarchical.ThrowableCollector.execute(ThrowableCollector.java:73) ~[junit-platform-engine-1.8.2.jar:1.8.2]
	at org.junit.platform.engine.support.hierarchical.NodeTestTask.lambda$executeRecursively$8(NodeTestTask.java:141) ~[junit-platform-engine-1.8.2.jar:1.8.2]
	at org.junit.platform.engine.support.hierarchical.Node.around(Node.java:137) ~[junit-platform-engine-1.8.2.jar:1.8.2]
	at org.junit.platform.engine.support.hierarchical.NodeTestTask.lambda$executeRecursively$9(NodeTestTask.java:139) ~[junit-platform-engine-1.8.2.jar:1.8.2]
	at org.junit.platform.engine.support.hierarchical.ThrowableCollector.execute(ThrowableCollector.java:73) ~[junit-platform-engine-1.8.2.jar:1.8.2]
	at org.junit.platform.engine.support.hierarchical.NodeTestTask.executeRecursively(NodeTestTask.java:138) ~[junit-platform-engine-1.8.2.jar:1.8.2]
	at org.junit.platform.engine.support.hierarchical.NodeTestTask.execute(NodeTestTask.java:95) ~[junit-platform-engine-1.8.2.jar:1.8.2]
	at java.util.ArrayList.forEach(ArrayList.java:1511) ~[?:?]
	at org.junit.platform.engine.support.hierarchical.SameThreadHierarchicalTestExecutorService.invokeAll(SameThreadHierarchicalTestExecutorService.java:41) ~[junit-platform-engine-1.8.2.jar:1.8.2]
	at org.junit.platform.engine.support.hierarchical.NodeTestTask.lambda$executeRecursively$6(NodeTestTask.java:155) ~[junit-platform-engine-1.8.2.jar:1.8.2]
	at org.junit.platform.engine.support.hierarchical.ThrowableCollector.execute(ThrowableCollector.java:73) ~[junit-platform-engine-1.8.2.jar:1.8.2]
	at org.junit.platform.engine.support.hierarchical.NodeTestTask.lambda$executeRecursively$8(NodeTestTask.java:141) ~[junit-platform-engine-1.8.2.jar:1.8.2]
	at org.junit.platform.engine.support.hierarchical.Node.around(Node.java:137) ~[junit-platform-engine-1.8.2.jar:1.8.2]
	at org.junit.platform.engine.support.hierarchical.NodeTestTask.lambda$executeRecursively$9(NodeTestTask.java:139) ~[junit-platform-engine-1.8.2.jar:1.8.2]
	at org.junit.platform.engine.support.hierarchical.ThrowableCollector.execute(ThrowableCollector.java:73) ~[junit-platform-engine-1.8.2.jar:1.8.2]
	at org.junit.platform.engine.support.hierarchical.NodeTestTask.executeRecursively(NodeTestTask.java:138) ~[junit-platform-engine-1.8.2.jar:1.8.2]
	at org.junit.platform.engine.support.hierarchical.NodeTestTask.execute(NodeTestTask.java:95) ~[junit-platform-engine-1.8.2.jar:1.8.2]
	at org.junit.platform.engine.support.hierarchical.SameThreadHierarchicalTestExecutorService.submit(SameThreadHierarchicalTestExecutorService.java:35) ~[junit-platform-engine-1.8.2.jar:1.8.2]
	at org.junit.platform.engine.support.hierarchical.HierarchicalTestExecutor.execute(HierarchicalTestExecutor.java:57) ~[junit-platform-engine-1.8.2.jar:1.8.2]
	at org.junit.platform.engine.support.hierarchical.HierarchicalTestEngine.execute(HierarchicalTestEngine.java:54) ~[junit-platform-engine-1.8.2.jar:1.8.2]
	at org.junit.platform.launcher.core.EngineExecutionOrchestrator.execute(EngineExecutionOrchestrator.java:107) ~[junit-platform-launcher-1.8.2.jar:1.8.2]
	at org.junit.platform.launcher.core.EngineExecutionOrchestrator.execute(EngineExecutionOrchestrator.java:88) ~[junit-platform-launcher-1.8.2.jar:1.8.2]
	at org.junit.platform.launcher.core.EngineExecutionOrchestrator.lambda$execute$0(EngineExecutionOrchestrator.java:54) ~[junit-platform-launcher-1.8.2.jar:1.8.2]
	at org.junit.platform.launcher.core.EngineExecutionOrchestrator.withInterceptedStreams(EngineExecutionOrchestrator.java:67) ~[junit-platform-launcher-1.8.2.jar:1.8.2]
	at org.junit.platform.launcher.core.EngineExecutionOrchestrator.execute(EngineExecutionOrchestrator.java:52) ~[junit-platform-launcher-1.8.2.jar:1.8.2]
	at org.junit.platform.launcher.core.DefaultLauncher.execute(DefaultLauncher.java:114) ~[junit-platform-launcher-1.8.2.jar:1.8.2]
	at org.junit.platform.launcher.core.DefaultLauncher.execute(DefaultLauncher.java:86) ~[junit-platform-launcher-1.8.2.jar:1.8.2]
	at org.junit.platform.launcher.core.DefaultLauncherSession$DelegatingLauncher.execute(DefaultLauncherSession.java:86) ~[junit-platform-launcher-1.8.2.jar:1.8.2]
	at org.apache.maven.surefire.junitplatform.LazyLauncher.execute(LazyLauncher.java:56) ~[surefire-junit-platform-3.2.5.jar:3.2.5]
	at org.apache.maven.surefire.junitplatform.JUnitPlatformProvider.execute(JUnitPlatformProvider.java:184) ~[surefire-junit-platform-3.2.5.jar:3.2.5]
	at org.apache.maven.surefire.junitplatform.JUnitPlatformProvider.invokeAllTests(JUnitPlatformProvider.java:148) ~[surefire-junit-platform-3.2.5.jar:3.2.5]
	at org.apache.maven.surefire.junitplatform.JUnitPlatformProvider.invoke(JUnitPlatformProvider.java:122) ~[surefire-junit-platform-3.2.5.jar:3.2.5]
	at org.apache.maven.surefire.booter.ForkedBooter.runSuitesInProcess(ForkedBooter.java:385) ~[surefire-booter-3.2.5.jar:3.2.5]
	at org.apache.maven.surefire.booter.ForkedBooter.execute(ForkedBooter.java:162) ~[surefire-booter-3.2.5.jar:3.2.5]
	at org.apache.maven.surefire.booter.ForkedBooter.run(ForkedBooter.java:507) ~[surefire-booter-3.2.5.jar:3.2.5]
	at org.apache.maven.surefire.booter.ForkedBooter.main(ForkedBooter.java:495) ~[surefire-booter-3.2.5.jar:3.2.5]
Caused by: org.springframework.beans.factory.UnsatisfiedDependencyException: Error creating bean with name 'com.hypergryph.arknights.ArknightsApplication$WebConfig': Unsatisfied dependency expressed through field 'requestLoggerInterceptor'; nested exception is org.springframework.beans.factory.NoSuchBeanDefinitionException: No qualifying bean of type 'com.hypergryph.arknights.HttpRequestLoggerInterceptor' available: expected at least 1 bean which qualifies as autowire candidate. Dependency annotations: {@org.springframework.beans.factory.annotation.Autowired(required=true)}
	at org.springframework.beans.factory.annotation.AutowiredAnnotationBeanPostProcessor$AutowiredFieldElement.resolveFieldValue(AutowiredAnnotationBeanPostProcessor.java:713) ~[spring-beans-5.3.31.jar:5.3.31]
	at org.springframework.beans.factory.annotation.AutowiredAnnotationBeanPostProcessor$AutowiredFieldElement.inject(AutowiredAnnotationBeanPostProcessor.java:693) ~[spring-beans-5.3.31.jar:5.3.31]
	at org.springframework.beans.factory.annotation.InjectionMetadata.inject(InjectionMetadata.java:119) ~[spring-beans-5.3.31.jar:5.3.31]
	at org.springframework.beans.factory.annotation.AutowiredAnnotationBeanPostProcessor.postProcessProperties(AutowiredAnnotationBeanPostProcessor.java:408) ~[spring-beans-5.3.31.jar:5.3.31]
	at org.springframework.beans.factory.support.AbstractAutowireCapableBeanFactory.populateBean(AbstractAutowireCapableBeanFactory.java:1431) ~[spring-beans-5.3.31.jar:5.3.31]
	at org.springframework.beans.factory.support.AbstractAutowireCapableBeanFactory.doCreateBean(AbstractAutowireCapableBeanFactory.java:619) ~[spring-beans-5.3.31.jar:5.3.31]
	at org.springframework.beans.factory.support.AbstractAutowireCapableBeanFactory.createBean(AbstractAutowireCapableBeanFactory.java:542) ~[spring-beans-5.3.31.jar:5.3.31]
	at org.springframework.beans.factory.support.AbstractBeanFactory.lambda$doGetBean$0(AbstractBeanFactory.java:335) ~[spring-beans-5.3.31.jar:5.3.31]
	at org.springframework.beans.factory.support.DefaultSingletonBeanRegistry.getSingleton(DefaultSingletonBeanRegistry.java:234) ~[spring-beans-5.3.31.jar:5.3.31]
	at org.springframework.beans.factory.support.AbstractBeanFactory.doGetBean(AbstractBeanFactory.java:333) ~[spring-beans-5.3.31.jar:5.3.31]
	at org.springframework.beans.factory.support.AbstractBeanFactory.getBean(AbstractBeanFactory.java:208) ~[spring-beans-5.3.31.jar:5.3.31]
	at org.springframework.beans.factory.support.DefaultListableBeanFactory.preInstantiateSingletons(DefaultListableBeanFactory.java:955) ~[spring-beans-5.3.31.jar:5.3.31]
	at org.springframework.context.support.AbstractApplicationContext.finishBeanFactoryInitialization(AbstractApplicationContext.java:929) ~[spring-context-5.3.31.jar:5.3.31]
	at org.springframework.context.support.AbstractApplicationContext.refresh(AbstractApplicationContext.java:591) ~[spring-context-5.3.31.jar:5.3.31]
	at org.springframework.boot.SpringApplication.refresh(SpringApplication.java:732) ~[spring-boot-2.7.18.jar:2.7.18]
	at org.springframework.boot.SpringApplication.refreshContext(SpringApplication.java:409) ~[spring-boot-2.7.18.jar:2.7.18]
	at org.springframework.boot.SpringApplication.run(SpringApplication.java:308) ~[spring-boot-2.7.18.jar:2.7.18]
	at org.springframework.boot.test.context.SpringBootContextLoader.loadContext(SpringBootContextLoader.java:136) ~[spring-boot-test-2.7.18.jar:2.7.18]
	at org.springframework.test.context.cache.DefaultCacheAwareContextLoaderDelegate.loadContextInternal(DefaultCacheAwareContextLoaderDelegate.java:141) ~[spring-test-5.3.31.jar:5.3.31]
	at org.springframework.test.context.cache.DefaultCacheAwareContextLoaderDelegate.loadContext(DefaultCacheAwareContextLoaderDelegate.java:90) ~[spring-test-5.3.31.jar:5.3.31]
	... 72 more
Caused by: org.springframework.beans.factory.NoSuchBeanDefinitionException: No qualifying bean of type 'com.hypergryph.arknights.HttpRequestLoggerInterceptor' available: expected at least 1 bean which qualifies as autowire candidate. Dependency annotations: {@org.springframework.beans.factory.annotation.Autowired(required=true)}
	at org.springframework.beans.factory.support.DefaultListableBeanFactory.raiseNoMatchingBeanFound(DefaultListableBeanFactory.java:1801) ~[spring-beans-5.3.31.jar:5.3.31]
	at org.springframework.beans.factory.support.DefaultListableBeanFactory.doResolveDependency(DefaultListableBeanFactory.java:1357) ~[spring-beans-5.3.31.jar:5.3.31]
	at org.springframework.beans.factory.support.DefaultListableBeanFactory.resolveDependency(DefaultListableBeanFactory.java:1311) ~[spring-beans-5.3.31.jar:5.3.31]
	at org.springframework.beans.factory.annotation.AutowiredAnnotationBeanPostProcessor$AutowiredFieldElement.resolveFieldValue(AutowiredAnnotationBeanPostProcessor.java:710) ~[spring-beans-5.3.31.jar:5.3.31]
	at org.springframework.beans.factory.annotation.AutowiredAnnotationBeanPostProcessor$AutowiredFieldElement.inject(AutowiredAnnotationBeanPostProcessor.java:693) ~[spring-beans-5.3.31.jar:5.3.31]
	at org.springframework.beans.factory.annotation.InjectionMetadata.inject(InjectionMetadata.java:119) ~[spring-beans-5.3.31.jar:5.3.31]
	at org.springframework.beans.factory.annotation.AutowiredAnnotationBeanPostProcessor.postProcessProperties(AutowiredAnnotationBeanPostProcessor.java:408) ~[spring-beans-5.3.31.jar:5.3.31]
	at org.springframework.beans.factory.support.AbstractAutowireCapableBeanFactory.populateBean(AbstractAutowireCapableBeanFactory.java:1431) ~[spring-beans-5.3.31.jar:5.3.31]
	at org.springframework.beans.factory.support.AbstractAutowireCapableBeanFactory.doCreateBean(AbstractAutowireCapableBeanFactory.java:619) ~[spring-beans-5.3.31.jar:5.3.31]
	at org.springframework.beans.factory.support.AbstractAutowireCapableBeanFactory.createBean(AbstractAutowireCapableBeanFactory.java:542) ~[spring-beans-5.3.31.jar:5.3.31]
	at org.springframework.beans.factory.support.AbstractBeanFactory.lambda$doGetBean$0(AbstractBeanFactory.java:335) ~[spring-beans-5.3.31.jar:5.3.31]
	at org.springframework.beans.factory.support.DefaultSingletonBeanRegistry.getSingleton(DefaultSingletonBeanRegistry.java:234) ~[spring-beans-5.3.31.jar:5.3.31]
	at org.springframework.beans.factory.support.AbstractBeanFactory.doGetBean(AbstractBeanFactory.java:333) ~[spring-beans-5.3.31.jar:5.3.31]
	at org.springframework.beans.factory.support.AbstractBeanFactory.getBean(AbstractBeanFactory.java:208) ~[spring-beans-5.3.31.jar:5.3.31]
	at org.springframework.beans.factory.support.DefaultListableBeanFactory.preInstantiateSingletons(DefaultListableBeanFactory.java:955) ~[spring-beans-5.3.31.jar:5.3.31]
	at org.springframework.context.support.AbstractApplicationContext.finishBeanFactoryInitialization(AbstractApplicationContext.java:929) ~[spring-context-5.3.31.jar:5.3.31]
	at org.springframework.context.support.AbstractApplicationContext.refresh(AbstractApplicationContext.java:591) ~[spring-context-5.3.31.jar:5.3.31]
	at org.springframework.boot.SpringApplication.refresh(SpringApplication.java:732) ~[spring-boot-2.7.18.jar:2.7.18]
	at org.springframework.boot.SpringApplication.refreshContext(SpringApplication.java:409) ~[spring-boot-2.7.18.jar:2.7.18]
	at org.springframework.boot.SpringApplication.run(SpringApplication.java:308) ~[spring-boot-2.7.18.jar:2.7.18]
	at org.springframework.boot.test.context.SpringBootContextLoader.loadContext(SpringBootContextLoader.java:136) ~[spring-boot-test-2.7.18.jar:2.7.18]
	at org.springframework.test.context.cache.DefaultCacheAwareContextLoaderDelegate.loadContextInternal(DefaultCacheAwareContextLoaderDelegate.java:141) ~[spring-test-5.3.31.jar:5.3.31]
	at org.springframework.test.context.cache.DefaultCacheAwareContextLoaderDelegate.loadContext(DefaultCacheAwareContextLoaderDelegate.java:90) ~[spring-test-5.3.31.jar:5.3.31]
	... 72 more
2026-10-05 17:39:50 [main] INFO  org.springframework.boot.test.context.SpringBootTestContextBootstrapper - Neither @ContextConfiguration nor @ContextHierarchy found for test class [com.hypergryph.arknights.ArknightsApplicationTests], using SpringBootContextLoader
2026-10-05 17:39:50 [main] INFO  org.springframework.test.context.support.AbstractContextLoader - Could not detect default resource locations for test class [com.hypergryph.arknights.ArknightsApplicationTests]: no resource found for suffixes {-context.xml, Context.groovy}.
2026-10-05 17:39:50 [main] INFO  org.springframework.test.context.support.AnnotationConfigContextLoaderUtils - Could not detect default configuration classes for test class [com.hypergryph.arknights.ArknightsApplicationTests]: ArknightsApplicationTests does not declare any static, non-private, non-final, nested classes annotated with @Configuration.
2026-10-05 17:39:50 [main] INFO  org.springframework.boot.test.context.SpringBootTestContextBootstrapper - Found @SpringBootConfiguration com.hypergryph.arknights.ArknightsApplication for test class com.hypergryph.arknights.ArknightsApplicationTests
2026-10-05 17:39:50 [main] INFO  org.springframework.boot.test.context.SpringBootTestContextBootstrapper - Loaded default TestExecutionListener class names from location [META-INF/spring.factories]: [org.springframework.boot.test.mock.mockito.MockitoTestExecutionListener, org.springframework.boot.test.mock.mockito.ResetMocksTestExecutionListener, org.springframework.boot.test.autoconfigure.restdocs.RestDocsTestExecutionListener, org.springframework.boot.test.autoconfigure.web.client.MockRestServiceServerResetTestExecutionListener, org.springframework.boot.test.autoconfigure.web.servlet.MockMvcPrintOnlyOnFailureTestExecutionListener, org.springframework.boot.test.autoconfigure.web.servlet.WebDriverTestExecutionListener, org.springframework.boot.test.autoconfigure.webservices.client.MockWebServiceServerTestExecutionListener, org.springframework.test.context.web.ServletTestExecutionListener, org.springframework.test.context.support.DirtiesContextBeforeModesTestExecutionListener, org.springframework.test.context.event.ApplicationEventsTestExecutionListener, org.springframework.test.context.support.DependencyInjectionTestExecutionListener, org.springframework.test.context.support.DirtiesContextTestExecutionListener, org.springframework.test.context.transaction.TransactionalTestExecutionListener, org.springframework.test.context.jdbc.SqlScriptsTestExecutionListener, org.springframework.test.context.event.EventPublishingTestExecutionListener]
2026-10-05 17:39:50 [main] INFO  org.springframework.boot.test.context.SpringBootTestContextBootstrapper - Using TestExecutionListeners: [org.springframework.test.context.web.ServletTestExecutionListener@5a772895, org.springframework.test.context.support.DirtiesContextBeforeModesTestExecutionListener@39fc6b2c, org.springframework.test.context.event.ApplicationEventsTestExecutionListener@704b2127, org.springframework.boot.test.mock.mockito.MockitoTestExecutionListener@3ee39da0, org.springframework.boot.test.autoconfigure.SpringBootDependencyInjectionTestExecutionListener@5d332969, org.springframework.test.context.support.DirtiesContextTestExecutionListener@7cc9ce8, org.springframework.test.context.transaction.TransactionalTestExecutionListener@2e27d72f, org.springframework.test.context.jdbc.SqlScriptsTestExecutionListener@c0b41d6, org.springframework.test.context.event.EventPublishingTestExecutionListener@4837595f, org.springframework.boot.test.mock.mockito.ResetMocksTestExecutionListener@2bffa76d, org.springframework.boot.test.autoconfigure.restdocs.RestDocsTestExecutionListener@3b718392, org.springframework.boot.test.autoconfigure.web.client.MockRestServiceServerResetTestExecutionListener@6d2260db, org.springframework.boot.test.autoconfigure.web.servlet.MockMvcPrintOnlyOnFailureTestExecutionListener@1f2d2181, org.springframework.boot.test.autoconfigure.web.servlet.WebDriverTestExecutionListener@49bf29c6, org.springframework.boot.test.autoconfigure.webservices.client.MockWebServiceServerTestExecutionListener@7ee55e70]
2026-10-05 17:39:51 [main] INFO  com.hypergryph.arknights.ArknightsApplicationTests - Starting ArknightsApplicationTests using Java 17.0.14 on LoongLing with PID 11068 (started by lingj in C:\javacode\LocalArknights)
2026-10-05 17:39:51 [main] INFO  com.hypergryph.arknights.ArknightsApplicationTests - No active profile set, falling back to 1 default profile: "default"
2026-10-05 17:39:52 [main] INFO  com.hypergryph.arknights.ArknightsApplicationTests - Started ArknightsApplicationTests in 1.381 seconds (JVM running for 2.031)
2026-10-05 17:42:54 [main] INFO  org.springframework.boot.test.context.SpringBootTestContextBootstrapper - Neither @ContextConfiguration nor @ContextHierarchy found for test class [com.hypergryph.arknights.ArknightsApplicationTests], using SpringBootContextLoader
2026-10-05 17:42:54 [main] INFO  org.springframework.test.context.support.AbstractContextLoader - Could not detect default resource locations for test class [com.hypergryph.arknights.ArknightsApplicationTests]: no resource found for suffixes {-context.xml, Context.groovy}.
2026-10-05 17:42:54 [main] INFO  org.springframework.test.context.support.AnnotationConfigContextLoaderUtils - Could not detect default configuration classes for test class [com.hypergryph.arknights.ArknightsApplicationTests]: ArknightsApplicationTests does not declare any static, non-private, non-final, nested classes annotated with @Configuration.
2026-10-05 17:42:54 [main] INFO  org.springframework.boot.test.context.SpringBootTestContextBootstrapper - Found @SpringBootConfiguration com.hypergryph.arknights.ArknightsApplication for test class com.hypergryph.arknights.ArknightsApplicationTests
2026-10-05 17:42:54 [main] INFO  org.springframework.boot.test.context.SpringBootTestContextBootstrapper - Loaded default TestExecutionListener class names from location [META-INF/spring.factories]: [org.springframework.boot.test.mock.mockito.MockitoTestExecutionListener, org.springframework.boot.test.mock.mockito.ResetMocksTestExecutionListener, org.springframework.boot.test.autoconfigure.restdocs.RestDocsTestExecutionListener, org.springframework.boot.test.autoconfigure.web.client.MockRestServiceServerResetTestExecutionListener, org.springframework.boot.test.autoconfigure.web.servlet.MockMvcPrintOnlyOnFailureTestExecutionListener, org.springframework.boot.test.autoconfigure.web.servlet.WebDriverTestExecutionListener, org.springframework.boot.test.autoconfigure.webservices.client.MockWebServiceServerTestExecutionListener, org.springframework.test.context.web.ServletTestExecutionListener, org.springframework.test.context.support.DirtiesContextBeforeModesTestExecutionListener, org.springframework.test.context.event.ApplicationEventsTestExecutionListener, org.springframework.test.context.support.DependencyInjectionTestExecutionListener, org.springframework.test.context.support.DirtiesContextTestExecutionListener, org.springframework.test.context.transaction.TransactionalTestExecutionListener, org.springframework.test.context.jdbc.SqlScriptsTestExecutionListener, org.springframework.test.context.event.EventPublishingTestExecutionListener]
2026-10-05 17:42:54 [main] INFO  org.springframework.boot.test.context.SpringBootTestContextBootstrapper - Using TestExecutionListeners: [org.springframework.test.context.web.ServletTestExecutionListener@5a772895, org.springframework.test.context.support.DirtiesContextBeforeModesTestExecutionListener@39fc6b2c, org.springframework.test.context.event.ApplicationEventsTestExecutionListener@704b2127, org.springframework.boot.test.mock.mockito.MockitoTestExecutionListener@3ee39da0, org.springframework.boot.test.autoconfigure.SpringBootDependencyInjectionTestExecutionListener@5d332969, org.springframework.test.context.support.DirtiesContextTestExecutionListener@7cc9ce8, org.springframework.test.context.transaction.TransactionalTestExecutionListener@2e27d72f, org.springframework.test.context.jdbc.SqlScriptsTestExecutionListener@c0b41d6, org.springframework.test.context.event.EventPublishingTestExecutionListener@4837595f, org.springframework.boot.test.mock.mockito.ResetMocksTestExecutionListener@2bffa76d, org.springframework.boot.test.autoconfigure.restdocs.RestDocsTestExecutionListener@3b718392, org.springframework.boot.test.autoconfigure.web.client.MockRestServiceServerResetTestExecutionListener@6d2260db, org.springframework.boot.test.autoconfigure.web.servlet.MockMvcPrintOnlyOnFailureTestExecutionListener@1f2d2181, org.springframework.boot.test.autoconfigure.web.servlet.WebDriverTestExecutionListener@49bf29c6, org.springframework.boot.test.autoconfigure.webservices.client.MockWebServiceServerTestExecutionListener@7ee55e70]
2026-10-05 17:42:54 [main] INFO  com.hypergryph.arknights.ArknightsApplicationTests - Starting ArknightsApplicationTests using Java 17.0.14 on LoongLing with PID 32836 (started by lingj in C:\javacode\LocalArknights)
2026-10-05 17:42:54 [main] INFO  com.hypergryph.arknights.ArknightsApplicationTests - No active profile set, falling back to 1 default profile: "default"
2026-10-05 17:42:55 [main] INFO  com.hypergryph.arknights.ArknightsApplicationTests - Started ArknightsApplicationTests in 1.315 seconds (JVM running for 1.974)
2026-10-05 17:56:54 [main] INFO  org.springframework.boot.test.context.SpringBootTestContextBootstrapper - Neither @ContextConfiguration nor @ContextHierarchy found for test class [com.hypergryph.arknights.ArknightsApplicationTests], using SpringBootContextLoader
2026-10-05 17:56:54 [main] INFO  org.springframework.test.context.support.AbstractContextLoader - Could not detect default resource locations for test class [com.hypergryph.arknights.ArknightsApplicationTests]: no resource found for suffixes {-context.xml, Context.groovy}.
2026-10-05 17:56:54 [main] INFO  org.springframework.test.context.support.AnnotationConfigContextLoaderUtils - Could not detect default configuration classes for test class [com.hypergryph.arknights.ArknightsApplicationTests]: ArknightsApplicationTests does not declare any static, non-private, non-final, nested classes annotated with @Configuration.
2026-10-05 17:56:54 [main] INFO  org.springframework.boot.test.context.SpringBootTestContextBootstrapper - Found @SpringBootConfiguration com.hypergryph.arknights.ArknightsApplication for test class com.hypergryph.arknights.ArknightsApplicationTests
2026-10-05 17:56:54 [main] INFO  org.springframework.boot.test.context.SpringBootTestContextBootstrapper - Loaded default TestExecutionListener class names from location [META-INF/spring.factories]: [org.springframework.boot.test.mock.mockito.MockitoTestExecutionListener, org.springframework.boot.test.mock.mockito.ResetMocksTestExecutionListener, org.springframework.boot.test.autoconfigure.restdocs.RestDocsTestExecutionListener, org.springframework.boot.test.autoconfigure.web.client.MockRestServiceServerResetTestExecutionListener, org.springframework.boot.test.autoconfigure.web.servlet.MockMvcPrintOnlyOnFailureTestExecutionListener, org.springframework.boot.test.autoconfigure.web.servlet.WebDriverTestExecutionListener, org.springframework.boot.test.autoconfigure.webservices.client.MockWebServiceServerTestExecutionListener, org.springframework.test.context.web.ServletTestExecutionListener, org.springframework.test.context.support.DirtiesContextBeforeModesTestExecutionListener, org.springframework.test.context.event.ApplicationEventsTestExecutionListener, org.springframework.test.context.support.DependencyInjectionTestExecutionListener, org.springframework.test.context.support.DirtiesContextTestExecutionListener, org.springframework.test.context.transaction.TransactionalTestExecutionListener, org.springframework.test.context.jdbc.SqlScriptsTestExecutionListener, org.springframework.test.context.event.EventPublishingTestExecutionListener]
2026-10-05 17:56:54 [main] INFO  org.springframework.boot.test.context.SpringBootTestContextBootstrapper - Using TestExecutionListeners: [org.springframework.test.context.web.ServletTestExecutionListener@5a772895, org.springframework.test.context.support.DirtiesContextBeforeModesTestExecutionListener@39fc6b2c, org.springframework.test.context.event.ApplicationEventsTestExecutionListener@704b2127, org.springframework.boot.test.mock.mockito.MockitoTestExecutionListener@3ee39da0, org.springframework.boot.test.autoconfigure.SpringBootDependencyInjectionTestExecutionListener@5d332969, org.springframework.test.context.support.DirtiesContextTestExecutionListener@7cc9ce8, org.springframework.test.context.transaction.TransactionalTestExecutionListener@2e27d72f, org.springframework.test.context.jdbc.SqlScriptsTestExecutionListener@c0b41d6, org.springframework.test.context.event.EventPublishingTestExecutionListener@4837595f, org.springframework.boot.test.mock.mockito.ResetMocksTestExecutionListener@2bffa76d, org.springframework.boot.test.autoconfigure.restdocs.RestDocsTestExecutionListener@3b718392, org.springframework.boot.test.autoconfigure.web.client.MockRestServiceServerResetTestExecutionListener@6d2260db, org.springframework.boot.test.autoconfigure.web.servlet.MockMvcPrintOnlyOnFailureTestExecutionListener@1f2d2181, org.springframework.boot.test.autoconfigure.web.servlet.WebDriverTestExecutionListener@49bf29c6, org.springframework.boot.test.autoconfigure.webservices.client.MockWebServiceServerTestExecutionListener@7ee55e70]
2026-10-05 17:56:55 [main] INFO  com.hypergryph.arknights.ArknightsApplicationTests - Starting ArknightsApplicationTests using Java 17.0.14 on LoongLing with PID 33712 (started by lingj in C:\javacode\LocalArknights)
2026-10-05 17:56:55 [main] INFO  com.hypergryph.arknights.ArknightsApplicationTests - No active profile set, falling back to 1 default profile: "default"
2026-10-05 17:56:56 [main] INFO  com.hypergryph.arknights.ArknightsApplicationTests - Started ArknightsApplicationTests in 1.433 seconds (JVM running for 2.129)
2026-10-05 18:03:25 [main] INFO  org.springframework.boot.test.context.SpringBootTestContextBootstrapper - Neither @ContextConfiguration nor @ContextHierarchy found for test class [com.hypergryph.arknights.ArknightsApplicationTests], using SpringBootContextLoader
2026-10-05 18:03:25 [main] INFO  org.springframework.test.context.support.AbstractContextLoader - Could not detect default resource locations for test class [com.hypergryph.arknights.ArknightsApplicationTests]: no resource found for suffixes {-context.xml, Context.groovy}.
2026-10-05 18:03:25 [main] INFO  org.springframework.test.context.support.AnnotationConfigContextLoaderUtils - Could not detect default configuration classes for test class [com.hypergryph.arknights.ArknightsApplicationTests]: ArknightsApplicationTests does not declare any static, non-private, non-final, nested classes annotated with @Configuration.
2026-10-05 18:03:25 [main] INFO  org.springframework.boot.test.context.SpringBootTestContextBootstrapper - Found @SpringBootConfiguration com.hypergryph.arknights.ArknightsApplication for test class com.hypergryph.arknights.ArknightsApplicationTests
2026-10-05 18:03:25 [main] INFO  org.springframework.boot.test.context.SpringBootTestContextBootstrapper - Loaded default TestExecutionListener class names from location [META-INF/spring.factories]: [org.springframework.boot.test.mock.mockito.MockitoTestExecutionListener, org.springframework.boot.test.mock.mockito.ResetMocksTestExecutionListener, org.springframework.boot.test.autoconfigure.restdocs.RestDocsTestExecutionListener, org.springframework.boot.test.autoconfigure.web.client.MockRestServiceServerResetTestExecutionListener, org.springframework.boot.test.autoconfigure.web.servlet.MockMvcPrintOnlyOnFailureTestExecutionListener, org.springframework.boot.test.autoconfigure.web.servlet.WebDriverTestExecutionListener, org.springframework.boot.test.autoconfigure.webservices.client.MockWebServiceServerTestExecutionListener, org.springframework.test.context.web.ServletTestExecutionListener, org.springframework.test.context.support.DirtiesContextBeforeModesTestExecutionListener, org.springframework.test.context.event.ApplicationEventsTestExecutionListener, org.springframework.test.context.support.DependencyInjectionTestExecutionListener, org.springframework.test.context.support.DirtiesContextTestExecutionListener, org.springframework.test.context.transaction.TransactionalTestExecutionListener, org.springframework.test.context.jdbc.SqlScriptsTestExecutionListener, org.springframework.test.context.event.EventPublishingTestExecutionListener]
2026-10-05 18:03:25 [main] INFO  org.springframework.boot.test.context.SpringBootTestContextBootstrapper - Using TestExecutionListeners: [org.springframework.test.context.web.ServletTestExecutionListener@5a772895, org.springframework.test.context.support.DirtiesContextBeforeModesTestExecutionListener@39fc6b2c, org.springframework.test.context.event.ApplicationEventsTestExecutionListener@704b2127, org.springframework.boot.test.mock.mockito.MockitoTestExecutionListener@3ee39da0, org.springframework.boot.test.autoconfigure.SpringBootDependencyInjectionTestExecutionListener@5d332969, org.springframework.test.context.support.DirtiesContextTestExecutionListener@7cc9ce8, org.springframework.test.context.transaction.TransactionalTestExecutionListener@2e27d72f, org.springframework.test.context.jdbc.SqlScriptsTestExecutionListener@c0b41d6, org.springframework.test.context.event.EventPublishingTestExecutionListener@4837595f, org.springframework.boot.test.mock.mockito.ResetMocksTestExecutionListener@2bffa76d, org.springframework.boot.test.autoconfigure.restdocs.RestDocsTestExecutionListener@3b718392, org.springframework.boot.test.autoconfigure.web.client.MockRestServiceServerResetTestExecutionListener@6d2260db, org.springframework.boot.test.autoconfigure.web.servlet.MockMvcPrintOnlyOnFailureTestExecutionListener@1f2d2181, org.springframework.boot.test.autoconfigure.web.servlet.WebDriverTestExecutionListener@49bf29c6, org.springframework.boot.test.autoconfigure.webservices.client.MockWebServiceServerTestExecutionListener@7ee55e70]
2026-10-05 18:03:26 [main] INFO  com.hypergryph.arknights.ArknightsApplicationTests - Starting ArknightsApplicationTests using Java 17.0.14 on LoongLing with PID 11228 (started by lingj in C:\javacode\LocalArknights)
2026-10-05 18:03:26 [main] INFO  com.hypergryph.arknights.ArknightsApplicationTests - No active profile set, falling back to 1 default profile: "default"
2026-10-05 18:03:27 [main] INFO  com.hypergryph.arknights.ArknightsApplicationTests - Started ArknightsApplicationTests in 1.282 seconds (JVM running for 1.933)
2026-10-05 18:09:03 [main] INFO  org.springframework.boot.test.context.SpringBootTestContextBootstrapper - Neither @ContextConfiguration nor @ContextHierarchy found for test class [com.hypergryph.arknights.ArknightsApplicationTests], using SpringBootContextLoader
2026-10-05 18:09:03 [main] INFO  org.springframework.test.context.support.AbstractContextLoader - Could not detect default resource locations for test class [com.hypergryph.arknights.ArknightsApplicationTests]: no resource found for suffixes {-context.xml, Context.groovy}.
2026-10-05 18:09:03 [main] INFO  org.springframework.test.context.support.AnnotationConfigContextLoaderUtils - Could not detect default configuration classes for test class [com.hypergryph.arknights.ArknightsApplicationTests]: ArknightsApplicationTests does not declare any static, non-private, non-final, nested classes annotated with @Configuration.
2026-10-05 18:09:03 [main] INFO  org.springframework.boot.test.context.SpringBootTestContextBootstrapper - Found @SpringBootConfiguration com.hypergryph.arknights.ArknightsApplication for test class com.hypergryph.arknights.ArknightsApplicationTests
2026-10-05 18:09:03 [main] INFO  org.springframework.boot.test.context.SpringBootTestContextBootstrapper - Loaded default TestExecutionListener class names from location [META-INF/spring.factories]: [org.springframework.boot.test.mock.mockito.MockitoTestExecutionListener, org.springframework.boot.test.mock.mockito.ResetMocksTestExecutionListener, org.springframework.boot.test.autoconfigure.restdocs.RestDocsTestExecutionListener, org.springframework.boot.test.autoconfigure.web.client.MockRestServiceServerResetTestExecutionListener, org.springframework.boot.test.autoconfigure.web.servlet.MockMvcPrintOnlyOnFailureTestExecutionListener, org.springframework.boot.test.autoconfigure.web.servlet.WebDriverTestExecutionListener, org.springframework.boot.test.autoconfigure.webservices.client.MockWebServiceServerTestExecutionListener, org.springframework.test.context.web.ServletTestExecutionListener, org.springframework.test.context.support.DirtiesContextBeforeModesTestExecutionListener, org.springframework.test.context.event.ApplicationEventsTestExecutionListener, org.springframework.test.context.support.DependencyInjectionTestExecutionListener, org.springframework.test.context.support.DirtiesContextTestExecutionListener, org.springframework.test.context.transaction.TransactionalTestExecutionListener, org.springframework.test.context.jdbc.SqlScriptsTestExecutionListener, org.springframework.test.context.event.EventPublishingTestExecutionListener]
2026-10-05 18:09:03 [main] INFO  org.springframework.boot.test.context.SpringBootTestContextBootstrapper - Using TestExecutionListeners: [org.springframework.test.context.web.ServletTestExecutionListener@5a772895, org.springframework.test.context.support.DirtiesContextBeforeModesTestExecutionListener@39fc6b2c, org.springframework.test.context.event.ApplicationEventsTestExecutionListener@704b2127, org.springframework.boot.test.mock.mockito.MockitoTestExecutionListener@3ee39da0, org.springframework.boot.test.autoconfigure.SpringBootDependencyInjectionTestExecutionListener@5d332969, org.springframework.test.context.support.DirtiesContextTestExecutionListener@7cc9ce8, org.springframework.test.context.transaction.TransactionalTestExecutionListener@2e27d72f, org.springframework.test.context.jdbc.SqlScriptsTestExecutionListener@c0b41d6, org.springframework.test.context.event.EventPublishingTestExecutionListener@4837595f, org.springframework.boot.test.mock.mockito.ResetMocksTestExecutionListener@2bffa76d, org.springframework.boot.test.autoconfigure.restdocs.RestDocsTestExecutionListener@3b718392, org.springframework.boot.test.autoconfigure.web.client.MockRestServiceServerResetTestExecutionListener@6d2260db, org.springframework.boot.test.autoconfigure.web.servlet.MockMvcPrintOnlyOnFailureTestExecutionListener@1f2d2181, org.springframework.boot.test.autoconfigure.web.servlet.WebDriverTestExecutionListener@49bf29c6, org.springframework.boot.test.autoconfigure.webservices.client.MockWebServiceServerTestExecutionListener@7ee55e70]
2026-10-05 18:09:03 [main] INFO  com.hypergryph.arknights.ArknightsApplicationTests - Starting ArknightsApplicationTests using Java 17.0.14 on LoongLing with PID 34360 (started by lingj in C:\javacode\LocalArknights)
2026-10-05 18:09:03 [main] INFO  com.hypergryph.arknights.ArknightsApplicationTests - No active profile set, falling back to 1 default profile: "default"
2026-10-05 18:09:05 [main] INFO  com.hypergryph.arknights.ArknightsApplicationTests - Started ArknightsApplicationTests in 1.422 seconds (JVM running for 2.128)
2026-10-05 18:27:19 [main] INFO  org.springframework.boot.test.context.SpringBootTestContextBootstrapper - Neither @ContextConfiguration nor @ContextHierarchy found for test class [com.hypergryph.arknights.ArknightsApplicationTests], using SpringBootContextLoader
2026-10-05 18:27:19 [main] INFO  org.springframework.test.context.support.AbstractContextLoader - Could not detect default resource locations for test class [com.hypergryph.arknights.ArknightsApplicationTests]: no resource found for suffixes {-context.xml, Context.groovy}.
2026-10-05 18:27:19 [main] INFO  org.springframework.test.context.support.AnnotationConfigContextLoaderUtils - Could not detect default configuration classes for test class [com.hypergryph.arknights.ArknightsApplicationTests]: ArknightsApplicationTests does not declare any static, non-private, non-final, nested classes annotated with @Configuration.
2026-10-05 18:27:19 [main] INFO  org.springframework.boot.test.context.SpringBootTestContextBootstrapper - Found @SpringBootConfiguration com.hypergryph.arknights.ArknightsApplication for test class com.hypergryph.arknights.ArknightsApplicationTests
2026-10-05 18:27:20 [main] INFO  org.springframework.boot.test.context.SpringBootTestContextBootstrapper - Loaded default TestExecutionListener class names from location [META-INF/spring.factories]: [org.springframework.boot.test.mock.mockito.MockitoTestExecutionListener, org.springframework.boot.test.mock.mockito.ResetMocksTestExecutionListener, org.springframework.boot.test.autoconfigure.restdocs.RestDocsTestExecutionListener, org.springframework.boot.test.autoconfigure.web.client.MockRestServiceServerResetTestExecutionListener, org.springframework.boot.test.autoconfigure.web.servlet.MockMvcPrintOnlyOnFailureTestExecutionListener, org.springframework.boot.test.autoconfigure.web.servlet.WebDriverTestExecutionListener, org.springframework.boot.test.autoconfigure.webservices.client.MockWebServiceServerTestExecutionListener, org.springframework.test.context.web.ServletTestExecutionListener, org.springframework.test.context.support.DirtiesContextBeforeModesTestExecutionListener, org.springframework.test.context.event.ApplicationEventsTestExecutionListener, org.springframework.test.context.support.DependencyInjectionTestExecutionListener, org.springframework.test.context.support.DirtiesContextTestExecutionListener, org.springframework.test.context.transaction.TransactionalTestExecutionListener, org.springframework.test.context.jdbc.SqlScriptsTestExecutionListener, org.springframework.test.context.event.EventPublishingTestExecutionListener]
2026-10-05 18:27:20 [main] INFO  org.springframework.boot.test.context.SpringBootTestContextBootstrapper - Using TestExecutionListeners: [org.springframework.test.context.web.ServletTestExecutionListener@5a772895, org.springframework.test.context.support.DirtiesContextBeforeModesTestExecutionListener@39fc6b2c, org.springframework.test.context.event.ApplicationEventsTestExecutionListener@704b2127, org.springframework.boot.test.mock.mockito.MockitoTestExecutionListener@3ee39da0, org.springframework.boot.test.autoconfigure.SpringBootDependencyInjectionTestExecutionListener@5d332969, org.springframework.test.context.support.DirtiesContextTestExecutionListener@7cc9ce8, org.springframework.test.context.transaction.TransactionalTestExecutionListener@2e27d72f, org.springframework.test.context.jdbc.SqlScriptsTestExecutionListener@c0b41d6, org.springframework.test.context.event.EventPublishingTestExecutionListener@4837595f, org.springframework.boot.test.mock.mockito.ResetMocksTestExecutionListener@2bffa76d, org.springframework.boot.test.autoconfigure.restdocs.RestDocsTestExecutionListener@3b718392, org.springframework.boot.test.autoconfigure.web.client.MockRestServiceServerResetTestExecutionListener@6d2260db, org.springframework.boot.test.autoconfigure.web.servlet.MockMvcPrintOnlyOnFailureTestExecutionListener@1f2d2181, org.springframework.boot.test.autoconfigure.web.servlet.WebDriverTestExecutionListener@49bf29c6, org.springframework.boot.test.autoconfigure.webservices.client.MockWebServiceServerTestExecutionListener@7ee55e70]
2026-10-05 18:27:20 [main] INFO  com.hypergryph.arknights.ArknightsApplicationTests - Starting ArknightsApplicationTests using Java 17.0.14 on LoongLing with PID 33280 (started by lingj in C:\javacode\LocalArknights)
2026-10-05 18:27:20 [main] INFO  com.hypergryph.arknights.ArknightsApplicationTests - No active profile set, falling back to 1 default profile: "default"
2026-10-05 18:27:21 [main] INFO  com.hypergryph.arknights.ArknightsApplicationTests - Started ArknightsApplicationTests in 1.369 seconds (JVM running for 2.043)
2026-10-05 19:09:12 [main] INFO  org.springframework.boot.test.context.SpringBootTestContextBootstrapper - Neither @ContextConfiguration nor @ContextHierarchy found for test class [com.hypergryph.arknights.ArknightsApplicationTests], using SpringBootContextLoader
2026-10-05 19:09:12 [main] INFO  org.springframework.test.context.support.AbstractContextLoader - Could not detect default resource locations for test class [com.hypergryph.arknights.ArknightsApplicationTests]: no resource found for suffixes {-context.xml, Context.groovy}.
2026-10-05 19:09:12 [main] INFO  org.springframework.test.context.support.AnnotationConfigContextLoaderUtils - Could not detect default configuration classes for test class [com.hypergryph.arknights.ArknightsApplicationTests]: ArknightsApplicationTests does not declare any static, non-private, non-final, nested classes annotated with @Configuration.
2026-10-05 19:09:12 [main] INFO  org.springframework.boot.test.context.SpringBootTestContextBootstrapper - Found @SpringBootConfiguration com.hypergryph.arknights.ArknightsApplication for test class com.hypergryph.arknights.ArknightsApplicationTests
2026-10-05 19:09:12 [main] INFO  org.springframework.boot.test.context.SpringBootTestContextBootstrapper - Loaded default TestExecutionListener class names from location [META-INF/spring.factories]: [org.springframework.boot.test.mock.mockito.MockitoTestExecutionListener, org.springframework.boot.test.mock.mockito.ResetMocksTestExecutionListener, org.springframework.boot.test.autoconfigure.restdocs.RestDocsTestExecutionListener, org.springframework.boot.test.autoconfigure.web.client.MockRestServiceServerResetTestExecutionListener, org.springframework.boot.test.autoconfigure.web.servlet.MockMvcPrintOnlyOnFailureTestExecutionListener, org.springframework.boot.test.autoconfigure.web.servlet.WebDriverTestExecutionListener, org.springframework.boot.test.autoconfigure.webservices.client.MockWebServiceServerTestExecutionListener, org.springframework.test.context.web.ServletTestExecutionListener, org.springframework.test.context.support.DirtiesContextBeforeModesTestExecutionListener, org.springframework.test.context.event.ApplicationEventsTestExecutionListener, org.springframework.test.context.support.DependencyInjectionTestExecutionListener, org.springframework.test.context.support.DirtiesContextTestExecutionListener, org.springframework.test.context.transaction.TransactionalTestExecutionListener, org.springframework.test.context.jdbc.SqlScriptsTestExecutionListener, org.springframework.test.context.event.EventPublishingTestExecutionListener]
2026-10-05 19:09:12 [main] INFO  org.springframework.boot.test.context.SpringBootTestContextBootstrapper - Using TestExecutionListeners: [org.springframework.test.context.web.ServletTestExecutionListener@5a772895, org.springframework.test.context.support.DirtiesContextBeforeModesTestExecutionListener@39fc6b2c, org.springframework.test.context.event.ApplicationEventsTestExecutionListener@704b2127, org.springframework.boot.test.mock.mockito.MockitoTestExecutionListener@3ee39da0, org.springframework.boot.test.autoconfigure.SpringBootDependencyInjectionTestExecutionListener@5d332969, org.springframework.test.context.support.DirtiesContextTestExecutionListener@7cc9ce8, org.springframework.test.context.transaction.TransactionalTestExecutionListener@2e27d72f, org.springframework.test.context.jdbc.SqlScriptsTestExecutionListener@c0b41d6, org.springframework.test.context.event.EventPublishingTestExecutionListener@4837595f, org.springframework.boot.test.mock.mockito.ResetMocksTestExecutionListener@2bffa76d, org.springframework.boot.test.autoconfigure.restdocs.RestDocsTestExecutionListener@3b718392, org.springframework.boot.test.autoconfigure.web.client.MockRestServiceServerResetTestExecutionListener@6d2260db, org.springframework.boot.test.autoconfigure.web.servlet.MockMvcPrintOnlyOnFailureTestExecutionListener@1f2d2181, org.springframework.boot.test.autoconfigure.web.servlet.WebDriverTestExecutionListener@49bf29c6, org.springframework.boot.test.autoconfigure.webservices.client.MockWebServiceServerTestExecutionListener@7ee55e70]
2026-10-05 19:09:12 [main] INFO  com.hypergryph.arknights.ArknightsApplicationTests - Starting ArknightsApplicationTests using Java 17.0.14 on LoongLing with PID 36308 (started by lingj in C:\javacode\LocalArknights)
2026-10-05 19:09:12 [main] INFO  com.hypergryph.arknights.ArknightsApplicationTests - No active profile set, falling back to 1 default profile: "default"
2026-10-05 19:09:13 [main] INFO  com.hypergryph.arknights.ArknightsApplicationTests - Started ArknightsApplicationTests in 1.449 seconds (JVM running for 2.099)
2026-10-05 19:15:22 [main] INFO  org.springframework.boot.test.context.SpringBootTestContextBootstrapper - Neither @ContextConfiguration nor @ContextHierarchy found for test class [com.hypergryph.arknights.ArknightsApplicationTests], using SpringBootContextLoader
2026-10-05 19:15:22 [main] INFO  org.springframework.test.context.support.AbstractContextLoader - Could not detect default resource locations for test class [com.hypergryph.arknights.ArknightsApplicationTests]: no resource found for suffixes {-context.xml, Context.groovy}.
2026-10-05 19:15:22 [main] INFO  org.springframework.test.context.support.AnnotationConfigContextLoaderUtils - Could not detect default configuration classes for test class [com.hypergryph.arknights.ArknightsApplicationTests]: ArknightsApplicationTests does not declare any static, non-private, non-final, nested classes annotated with @Configuration.
2026-10-05 19:15:22 [main] INFO  org.springframework.boot.test.context.SpringBootTestContextBootstrapper - Found @SpringBootConfiguration com.hypergryph.arknights.ArknightsApplication for test class com.hypergryph.arknights.ArknightsApplicationTests
2026-10-05 19:15:22 [main] INFO  org.springframework.boot.test.context.SpringBootTestContextBootstrapper - Loaded default TestExecutionListener class names from location [META-INF/spring.factories]: [org.springframework.boot.test.mock.mockito.MockitoTestExecutionListener, org.springframework.boot.test.mock.mockito.ResetMocksTestExecutionListener, org.springframework.boot.test.autoconfigure.restdocs.RestDocsTestExecutionListener, org.springframework.boot.test.autoconfigure.web.client.MockRestServiceServerResetTestExecutionListener, org.springframework.boot.test.autoconfigure.web.servlet.MockMvcPrintOnlyOnFailureTestExecutionListener, org.springframework.boot.test.autoconfigure.web.servlet.WebDriverTestExecutionListener, org.springframework.boot.test.autoconfigure.webservices.client.MockWebServiceServerTestExecutionListener, org.springframework.test.context.web.ServletTestExecutionListener, org.springframework.test.context.support.DirtiesContextBeforeModesTestExecutionListener, org.springframework.test.context.event.ApplicationEventsTestExecutionListener, org.springframework.test.context.support.DependencyInjectionTestExecutionListener, org.springframework.test.context.support.DirtiesContextTestExecutionListener, org.springframework.test.context.transaction.TransactionalTestExecutionListener, org.springframework.test.context.jdbc.SqlScriptsTestExecutionListener, org.springframework.test.context.event.EventPublishingTestExecutionListener]
2026-10-05 19:15:22 [main] INFO  org.springframework.boot.test.context.SpringBootTestContextBootstrapper - Using TestExecutionListeners: [org.springframework.test.context.web.ServletTestExecutionListener@5a772895, org.springframework.test.context.support.DirtiesContextBeforeModesTestExecutionListener@39fc6b2c, org.springframework.test.context.event.ApplicationEventsTestExecutionListener@704b2127, org.springframework.boot.test.mock.mockito.MockitoTestExecutionListener@3ee39da0, org.springframework.boot.test.autoconfigure.SpringBootDependencyInjectionTestExecutionListener@5d332969, org.springframework.test.context.support.DirtiesContextTestExecutionListener@7cc9ce8, org.springframework.test.context.transaction.TransactionalTestExecutionListener@2e27d72f, org.springframework.test.context.jdbc.SqlScriptsTestExecutionListener@c0b41d6, org.springframework.test.context.event.EventPublishingTestExecutionListener@4837595f, org.springframework.boot.test.mock.mockito.ResetMocksTestExecutionListener@2bffa76d, org.springframework.boot.test.autoconfigure.restdocs.RestDocsTestExecutionListener@3b718392, org.springframework.boot.test.autoconfigure.web.client.MockRestServiceServerResetTestExecutionListener@6d2260db, org.springframework.boot.test.autoconfigure.web.servlet.MockMvcPrintOnlyOnFailureTestExecutionListener@1f2d2181, org.springframework.boot.test.autoconfigure.web.servlet.WebDriverTestExecutionListener@49bf29c6, org.springframework.boot.test.autoconfigure.webservices.client.MockWebServiceServerTestExecutionListener@7ee55e70]
2026-10-05 19:15:22 [main] INFO  com.hypergryph.arknights.ArknightsApplicationTests - Starting ArknightsApplicationTests using Java 17.0.14 on LoongLing with PID 35944 (started by lingj in C:\javacode\LocalArknights)
2026-10-05 19:15:22 [main] INFO  com.hypergryph.arknights.ArknightsApplicationTests - No active profile set, falling back to 1 default profile: "default"
2026-10-05 19:15:24 [main] INFO  com.hypergryph.arknights.ArknightsApplicationTests - Started ArknightsApplicationTests in 1.381 seconds (JVM running for 2.076)
2026-10-05 19:48:22 [main] INFO  org.springframework.boot.test.context.SpringBootTestContextBootstrapper - Neither @ContextConfiguration nor @ContextHierarchy found for test class [com.hypergryph.arknights.ArknightsApplicationTests], using SpringBootContextLoader
2026-10-05 19:48:22 [main] INFO  org.springframework.test.context.support.AbstractContextLoader - Could not detect default resource locations for test class [com.hypergryph.arknights.ArknightsApplicationTests]: no resource found for suffixes {-context.xml, Context.groovy}.
2026-10-05 19:48:22 [main] INFO  org.springframework.test.context.support.AnnotationConfigContextLoaderUtils - Could not detect default configuration classes for test class [com.hypergryph.arknights.ArknightsApplicationTests]: ArknightsApplicationTests does not declare any static, non-private, non-final, nested classes annotated with @Configuration.
2026-10-05 19:48:22 [main] INFO  org.springframework.boot.test.context.SpringBootTestContextBootstrapper - Found @SpringBootConfiguration com.hypergryph.arknights.ArknightsApplication for test class com.hypergryph.arknights.ArknightsApplicationTests
2026-10-05 19:48:22 [main] INFO  org.springframework.boot.test.context.SpringBootTestContextBootstrapper - Loaded default TestExecutionListener class names from location [META-INF/spring.factories]: [org.springframework.boot.test.mock.mockito.MockitoTestExecutionListener, org.springframework.boot.test.mock.mockito.ResetMocksTestExecutionListener, org.springframework.boot.test.autoconfigure.restdocs.RestDocsTestExecutionListener, org.springframework.boot.test.autoconfigure.web.client.MockRestServiceServerResetTestExecutionListener, org.springframework.boot.test.autoconfigure.web.servlet.MockMvcPrintOnlyOnFailureTestExecutionListener, org.springframework.boot.test.autoconfigure.web.servlet.WebDriverTestExecutionListener, org.springframework.boot.test.autoconfigure.webservices.client.MockWebServiceServerTestExecutionListener, org.springframework.test.context.web.ServletTestExecutionListener, org.springframework.test.context.support.DirtiesContextBeforeModesTestExecutionListener, org.springframework.test.context.event.ApplicationEventsTestExecutionListener, org.springframework.test.context.support.DependencyInjectionTestExecutionListener, org.springframework.test.context.support.DirtiesContextTestExecutionListener, org.springframework.test.context.transaction.TransactionalTestExecutionListener, org.springframework.test.context.jdbc.SqlScriptsTestExecutionListener, org.springframework.test.context.event.EventPublishingTestExecutionListener]
2026-10-05 19:48:22 [main] INFO  org.springframework.boot.test.context.SpringBootTestContextBootstrapper - Using TestExecutionListeners: [org.springframework.test.context.web.ServletTestExecutionListener@5a772895, org.springframework.test.context.support.DirtiesContextBeforeModesTestExecutionListener@39fc6b2c, org.springframework.test.context.event.ApplicationEventsTestExecutionListener@704b2127, org.springframework.boot.test.mock.mockito.MockitoTestExecutionListener@3ee39da0, org.springframework.boot.test.autoconfigure.SpringBootDependencyInjectionTestExecutionListener@5d332969, org.springframework.test.context.support.DirtiesContextTestExecutionListener@7cc9ce8, org.springframework.test.context.transaction.TransactionalTestExecutionListener@2e27d72f, org.springframework.test.context.jdbc.SqlScriptsTestExecutionListener@c0b41d6, org.springframework.test.context.event.EventPublishingTestExecutionListener@4837595f, org.springframework.boot.test.mock.mockito.ResetMocksTestExecutionListener@2bffa76d, org.springframework.boot.test.autoconfigure.restdocs.RestDocsTestExecutionListener@3b718392, org.springframework.boot.test.autoconfigure.web.client.MockRestServiceServerResetTestExecutionListener@6d2260db, org.springframework.boot.test.autoconfigure.web.servlet.MockMvcPrintOnlyOnFailureTestExecutionListener@1f2d2181, org.springframework.boot.test.autoconfigure.web.servlet.WebDriverTestExecutionListener@49bf29c6, org.springframework.boot.test.autoconfigure.webservices.client.MockWebServiceServerTestExecutionListener@7ee55e70]
2026-10-05 19:48:22 [main] INFO  com.hypergryph.arknights.ArknightsApplicationTests - Starting ArknightsApplicationTests using Java 17.0.14 on LoongLing with PID 36516 (started by lingj in C:\javacode\LocalArknights)
2026-10-05 19:48:22 [main] INFO  com.hypergryph.arknights.ArknightsApplicationTests - No active profile set, falling back to 1 default profile: "default"
2026-10-05 19:48:23 [main] INFO  com.hypergryph.arknights.ArknightsApplicationTests - Started ArknightsApplicationTests in 1.49 seconds (JVM running for 2.196)
